<!doctype html public "-//w3c//dtd html 4.0 transitional//en">
<html><head>
<title>Static Call Graph - [.\Objects\exercise06.axf]</title></head>
<body><HR>
<H1>Static Call Graph for image .\Objects\exercise06.axf</H1><HR>
<BR><P>#&#060CALLGRAPH&#062# ARM Linker, 5060528: Last Updated: Sat Nov 04 17:40:31 2017
<BR><P>
<H3>Maximum Stack Usage =          0 bytes + Unknown(Functions without stacksize, Cycles, Untraceable Function Pointers)</H3><H3>
Call chain for Maximum Stack Depth:</H3>

<P>
<H3>
Functions with no stack information
</H3><UL>
 <LI><a href="#[e]">PutChar</a>
</UL>
</UL>
<P>
<H3>
Mutually Recursive functions
</H3> <LI><a href="#[1]">Dummy_Handler</a>&nbsp;&nbsp;&nbsp;&rArr;&nbsp;&nbsp;&nbsp;<a href="#[1]">Dummy_Handler</a><BR>
 <LI><a href="#[c]">DIVU</a>&nbsp;&nbsp;&nbsp;&rArr;&nbsp;&nbsp;&nbsp;<a href="#[9]">PutNumUB</a><BR>
</UL>
<P>
<H3>
Function Pointers
</H3><UL>
 <LI><a href="#[1]">Dummy_Handler</a> from start.o(Start) referenced 44 times from exercise09.o(RESET)
 <LI><a href="#[2]">HardFault_Handler</a> from start.o(Start) referenced from exercise09.o(RESET)
 <LI><a href="#[4]">Reset_Handler</a> from exercise09.o(MyCode) referenced from exercise09.o(RESET)
 <LI><a href="#[3]">UART0_ISR</a> from exercise09.o(MyCode) referenced from exercise09.o(RESET)
</UL>
<P>
<H3>
Global Symbols
</H3>
<P><STRONG><a name="[f]"></a>Startup</STRONG> (Thumb, 14 bytes, Stack size 0 bytes, start.o(Start))
<BR><BR>[Calls]<UL><LI><a href="#[11]">&gt;&gt;</a>&nbsp;&nbsp;&nbsp;SetClock48MHz
<LI><a href="#[10]">&gt;&gt;</a>&nbsp;&nbsp;&nbsp;SystemInit
</UL>
<BR>[Called By]<UL><LI><a href="#[4]">&gt;&gt;</a>&nbsp;&nbsp;&nbsp;Reset_Handler
</UL>

<P><STRONG><a name="[1]"></a>Dummy_Handler</STRONG> (Thumb, 2 bytes, Stack size 0 bytes, start.o(Start))
<BR><BR>[Calls]<UL><LI><a href="#[1]">&gt;&gt;</a>&nbsp;&nbsp;&nbsp;Dummy_Handler
</UL>
<BR>[Called By]<UL><LI><a href="#[1]">&gt;&gt;</a>&nbsp;&nbsp;&nbsp;Dummy_Handler
</UL>
<BR>[Address Reference Count : 1]<UL><LI> exercise09.o(RESET)
</UL>
<P><STRONG><a name="[2]"></a>HardFault_Handler</STRONG> (Thumb, 0 bytes, Stack size 0 bytes, start.o(Start))
<BR>[Address Reference Count : 1]<UL><LI> exercise09.o(RESET)
</UL>
<P><STRONG><a name="[4]"></a>Reset_Handler</STRONG> (Thumb, 312 bytes, Stack size 0 bytes, exercise09.o(MyCode))
<BR><BR>[Calls]<UL><LI><a href="#[e]">&gt;&gt;</a>&nbsp;&nbsp;&nbsp;PutChar
<LI><a href="#[d]">&gt;&gt;</a>&nbsp;&nbsp;&nbsp;Init_UART0_IRQ
<LI><a href="#[a]">&gt;&gt;</a>&nbsp;&nbsp;&nbsp;PutStringSB
<LI><a href="#[7]">&gt;&gt;</a>&nbsp;&nbsp;&nbsp;Enqueue
<LI><a href="#[6]">&gt;&gt;</a>&nbsp;&nbsp;&nbsp;Dequeue
<LI><a href="#[5]">&gt;&gt;</a>&nbsp;&nbsp;&nbsp;InitQueue
<LI><a href="#[f]">&gt;&gt;</a>&nbsp;&nbsp;&nbsp;Startup
</UL>

<P><STRONG><a name="[e]"></a>PutChar</STRONG> (Thumb, 0 bytes, Stack size unknown bytes, exercise09.o(MyCode))
<BR><BR>[Calls]<UL><LI><a href="#[7]">&gt;&gt;</a>&nbsp;&nbsp;&nbsp;Enqueue
</UL>
<BR>[Called By]<UL><LI><a href="#[4]">&gt;&gt;</a>&nbsp;&nbsp;&nbsp;Reset_Handler
<LI><a href="#[c]">&gt;&gt;</a>&nbsp;&nbsp;&nbsp;DIVU
<LI><a href="#[b]">&gt;&gt;</a>&nbsp;&nbsp;&nbsp;PutNumU
<LI><a href="#[a]">&gt;&gt;</a>&nbsp;&nbsp;&nbsp;PutStringSB
<LI><a href="#[9]">&gt;&gt;</a>&nbsp;&nbsp;&nbsp;PutNumUB
<LI><a href="#[8]">&gt;&gt;</a>&nbsp;&nbsp;&nbsp;PutNumHex
</UL>
<P>
<H3>
Local Symbols
</H3>
<P><STRONG><a name="[10]"></a>SystemInit</STRONG> (Thumb, 54 bytes, Stack size 0 bytes, start.o(Start))
<BR><BR>[Called By]<UL><LI><a href="#[f]">&gt;&gt;</a>&nbsp;&nbsp;&nbsp;Startup
</UL>

<P><STRONG><a name="[11]"></a>SetClock48MHz</STRONG> (Thumb, 140 bytes, Stack size 0 bytes, start.o(Start))
<BR><BR>[Called By]<UL><LI><a href="#[f]">&gt;&gt;</a>&nbsp;&nbsp;&nbsp;Startup
</UL>

<P><STRONG><a name="[5]"></a>InitQueue</STRONG> (Thumb, 22 bytes, Stack size 0 bytes, exercise09.o(MyCode))
<BR><BR>[Called By]<UL><LI><a href="#[4]">&gt;&gt;</a>&nbsp;&nbsp;&nbsp;Reset_Handler
<LI><a href="#[d]">&gt;&gt;</a>&nbsp;&nbsp;&nbsp;Init_UART0_IRQ
</UL>

<P><STRONG><a name="[6]"></a>Dequeue</STRONG> (Thumb, 68 bytes, Stack size 0 bytes, exercise09.o(MyCode))
<BR><BR>[Called By]<UL><LI><a href="#[4]">&gt;&gt;</a>&nbsp;&nbsp;&nbsp;Reset_Handler
<LI><a href="#[3]">&gt;&gt;</a>&nbsp;&nbsp;&nbsp;UART0_ISR
</UL>

<P><STRONG><a name="[7]"></a>Enqueue</STRONG> (Thumb, 64 bytes, Stack size 0 bytes, exercise09.o(MyCode))
<BR><BR>[Called By]<UL><LI><a href="#[e]">&gt;&gt;</a>&nbsp;&nbsp;&nbsp;PutChar
<LI><a href="#[4]">&gt;&gt;</a>&nbsp;&nbsp;&nbsp;Reset_Handler
<LI><a href="#[3]">&gt;&gt;</a>&nbsp;&nbsp;&nbsp;UART0_ISR
</UL>

<P><STRONG><a name="[8]"></a>PutNumHex</STRONG> (Thumb, 36 bytes, Stack size 0 bytes, exercise09.o(MyCode), UNUSED, KEPT)
<BR><BR>[Calls]<UL><LI><a href="#[e]">&gt;&gt;</a>&nbsp;&nbsp;&nbsp;PutChar
</UL>
<BR>[Called By]<UL><LI><a href="#[c]">&gt;&gt;</a>&nbsp;&nbsp;&nbsp;DIVU
</UL>

<P><STRONG><a name="[9]"></a>PutNumUB</STRONG> (Thumb, 12 bytes, Stack size 0 bytes, exercise09.o(MyCode), UNUSED, KEPT)
<BR><BR>[Calls]<UL><LI><a href="#[e]">&gt;&gt;</a>&nbsp;&nbsp;&nbsp;PutChar
<LI><a href="#[b]">&gt;&gt;</a>&nbsp;&nbsp;&nbsp;PutNumU
</UL>
<BR>[Called By]<UL><LI><a href="#[c]">&gt;&gt;</a>&nbsp;&nbsp;&nbsp;DIVU
</UL>

<P><STRONG><a name="[a]"></a>PutStringSB</STRONG> (Thumb, 22 bytes, Stack size 0 bytes, exercise09.o(MyCode))
<BR><BR>[Calls]<UL><LI><a href="#[e]">&gt;&gt;</a>&nbsp;&nbsp;&nbsp;PutChar
</UL>
<BR>[Called By]<UL><LI><a href="#[4]">&gt;&gt;</a>&nbsp;&nbsp;&nbsp;Reset_Handler
<LI><a href="#[c]">&gt;&gt;</a>&nbsp;&nbsp;&nbsp;DIVU
</UL>

<P><STRONG><a name="[b]"></a>PutNumU</STRONG> (Thumb, 88 bytes, Stack size 0 bytes, exercise09.o(MyCode), UNUSED, KEPT)
<BR><BR>[Calls]<UL><LI><a href="#[e]">&gt;&gt;</a>&nbsp;&nbsp;&nbsp;PutChar
<LI><a href="#[c]">&gt;&gt;</a>&nbsp;&nbsp;&nbsp;DIVU
</UL>
<BR>[Called By]<UL><LI><a href="#[9]">&gt;&gt;</a>&nbsp;&nbsp;&nbsp;PutNumUB
</UL>

<P><STRONG><a name="[c]"></a>DIVU</STRONG> (Thumb, 62 bytes, Stack size 0 bytes, exercise09.o(MyCode), UNUSED, KEPT)
<BR><BR>[Calls]<UL><LI><a href="#[e]">&gt;&gt;</a>&nbsp;&nbsp;&nbsp;PutChar
<LI><a href="#[a]">&gt;&gt;</a>&nbsp;&nbsp;&nbsp;PutStringSB
<LI><a href="#[9]">&gt;&gt;</a>&nbsp;&nbsp;&nbsp;PutNumUB
<LI><a href="#[8]">&gt;&gt;</a>&nbsp;&nbsp;&nbsp;PutNumHex
</UL>
<BR>[Called By]<UL><LI><a href="#[b]">&gt;&gt;</a>&nbsp;&nbsp;&nbsp;PutNumU
</UL>

<P><STRONG><a name="[d]"></a>Init_UART0_IRQ</STRONG> (Thumb, 150 bytes, Stack size 0 bytes, exercise09.o(MyCode))
<BR><BR>[Calls]<UL><LI><a href="#[5]">&gt;&gt;</a>&nbsp;&nbsp;&nbsp;InitQueue
</UL>
<BR>[Called By]<UL><LI><a href="#[4]">&gt;&gt;</a>&nbsp;&nbsp;&nbsp;Reset_Handler
</UL>

<P><STRONG><a name="[3]"></a>UART0_ISR</STRONG> (Thumb, 78 bytes, Stack size 0 bytes, exercise09.o(MyCode))
<BR><BR>[Calls]<UL><LI><a href="#[7]">&gt;&gt;</a>&nbsp;&nbsp;&nbsp;Enqueue
<LI><a href="#[6]">&gt;&gt;</a>&nbsp;&nbsp;&nbsp;Dequeue
</UL>
<BR>[Address Reference Count : 1]<UL><LI> exercise09.o(RESET)
</UL><P>
<H3>
Undefined Global Symbols
</H3><HR></body></html>
