Component: ARM Compiler 5.06 update 5 (build 528) Tool: armlink [4d35e2]

==============================================================================

Section Cross References

    exercise08.o(MyCode) refers to start.o(Start) for Startup
    exercise08.o(MyCode) refers to exercise08.o(MyConst) for Prompt
    exercise08.o(MyCode) refers to exercise08.o(MyData) for NumOne
    exercise08.o(RESET) refers to start.o(.ARM.__at_0x1FFFE000) for __initial_sp
    exercise08.o(RESET) refers to exercise08.o(MyCode) for Reset_Handler
    exercise08.o(RESET) refers to start.o(Start) for Dummy_Handler
    exercise08.o(RESET) refers to hardfault_lcd.o(HardFaultLCD) for HardFault_Handler


==============================================================================

Image Symbol Table

    Local Symbols

    Symbol Name                              Value     Ov Type        Size  Object(Section)

    RESET                                    0x00000000   Section      192  exercise08.o(RESET)
    HardFault_LCD.s                          0x00000000   Number         0  hardfault_lcd.o ABSOLUTE
    MKL46Z4.s                                0x00000000   Number         0  mkl46z4.o ABSOLUTE
    Start.s                                  0x00000000   Number         0  start.o ABSOLUTE
    exercise08.s                             0x00000000   Number         0  exercise08.o ABSOLUTE
    .ARM.__at_0xC0                           0x000000c0   Section       64  start.o(.ARM.__at_0xC0)
    HardFaultLCD                             0x00000100   Section      408  hardfault_lcd.o(HardFaultLCD)
    LCD_WF_Config                            0x0000018c   Data           0  hardfault_lcd.o(HardFaultLCD)
    LCD_WF_FRONTPLANE_PINS                   0x00000208   Data           0  hardfault_lcd.o(HardFaultLCD)
    LCD_DIGITS                               0x00000228   Data           0  hardfault_lcd.o(HardFaultLCD)
    Start                                    0x00000298   Section      252  start.o(Start)
    SystemInit                               0x000002a7   Thumb Code    54  start.o(Start)
    SetClock48MHz                            0x000002dd   Thumb Code   140  start.o(Start)
    .ARM.__at_0x400                          0x00000400   Section       16  start.o(.ARM.__at_0x400)
    MyCode                                   0x00000410   Section     1084  exercise08.o(MyCode)
    AddIntMultiU                             0x00000489   Thumb Code    92  exercise08.o(MyCode)
    GetHexIntMulti                           0x000004e5   Thumb Code   148  exercise08.o(MyCode)
    PutHexIntMulti                           0x00000579   Thumb Code    42  exercise08.o(MyCode)
    PutNumHex                                0x000005e5   Thumb Code    36  exercise08.o(MyCode)
    GetStringSB                              0x00000615   Thumb Code    72  exercise08.o(MyCode)
    PutStringSB                              0x0000065d   Thumb Code    22  exercise08.o(MyCode)
    PutNumU                                  0x00000673   Thumb Code    88  exercise08.o(MyCode)
    DIVU                                     0x000006cb   Thumb Code    62  exercise08.o(MyCode)
    MyConst                                  0x0000084c   Section      156  exercise08.o(MyConst)
    Prompt                                   0x0000084c   Data          36  exercise08.o(MyConst)
    Prompt2                                  0x00000870   Data          36  exercise08.o(MyConst)
    Sum                                      0x00000894   Data          36  exercise08.o(MyConst)
    Invalid                                  0x000008b8   Data          36  exercise08.o(MyConst)
    Overflow                                 0x000008dc   Data           9  exercise08.o(MyConst)
    .ARM.__at_0x1FFFE000                     0x1fffe000   Section      256  start.o(.ARM.__at_0x1FFFE000)
    MyData                                   0x1fffe100   Section       76  exercise08.o(MyData)
    FLAGS                                    0x1fffe108   Data           2  exercise08.o(MyData)
    NumOne                                   0x1fffe10c   Data          12  exercise08.o(MyData)
    NumTwo                                   0x1fffe118   Data          12  exercise08.o(MyData)
    NumStore                                 0x1fffe124   Data          12  exercise08.o(MyData)
    NumBuffer                                0x1fffe130   Data          25  exercise08.o(MyData)

    Global Symbols

    Symbol Name                              Value     Ov Type        Size  Object(Section)

    BuildAttributes$$THM_ISAv3M$S$PE$A:L22$X:L11$S22$IEEE1$IW$USESV6$~STKCKD$USESV7$~SHL$OSPACE$EBA8$STANDARDLIB$EABIv2 0x00000000   Number         0  anon$$obj.o ABSOLUTE
    __Vectors                                0x00000000   Data           0  exercise08.o(RESET)
    __Vectors_End                            0x000000c0   Data           0  exercise08.o(RESET)
    __Vectors_Size                           0x000000c0   Number         0  exercise08.o ABSOLUTE
    HardFault_Handler                        0x00000101   Thumb Code    16  hardfault_lcd.o(HardFaultLCD)
    InitLCD                                  0x00000111   Thumb Code   124  hardfault_lcd.o(HardFaultLCD)
    LCD_PutHex                               0x000001cd   Thumb Code    44  hardfault_lcd.o(HardFaultLCD)
    Startup                                  0x00000299   Thumb Code    14  start.o(Start)
    Dummy_Handler                            0x00000369   Thumb Code     2  start.o(Start)
    Reset_Handler                            0x00000411   Thumb Code   118  exercise08.o(MyCode)
    PutChar                                  0x000007ab   Thumb Code     0  exercise08.o(MyCode)
    __initial_sp                             0x1fffe100   Data           0  start.o(.ARM.__at_0x1FFFE000)



==============================================================================

Memory Map of the image

  Image Entry point : 0x00000411

  Load Region LR_1 (Base: 0x00000000, Size: 0x00000a34, Max: 0xffffffff, ABSOLUTE)

    Execution Region ER_RO (Exec base: 0x00000000, Load base: 0x00000000, Size: 0x000008e8, Max: 0xffffffff, ABSOLUTE)

    Exec Addr    Load Addr    Size         Type   Attr      Idx    E Section Name        Object

    0x00000000   0x00000000   0x000000c0   Data   RO           13    RESET               exercise08.o
    0x000000c0   0x000000c0   0x00000040   Data   RO            2    .ARM.__at_0xC0      start.o
    0x00000100   0x00000100   0x00000198   Code   RO           19    HardFaultLCD        hardfault_lcd.o
    0x00000298   0x00000298   0x000000fc   Code   RO            1    Start               start.o
    0x00000394   0x00000394   0x0000006c   PAD
    0x00000400   0x00000400   0x00000010   Code   RO            3    .ARM.__at_0x400     start.o
    0x00000410   0x00000410   0x0000043c   Code   RO           12  * MyCode              exercise08.o
    0x0000084c   0x0000084c   0x0000009c   Data   RO           14    MyConst             exercise08.o


    Execution Region ER_RW (Exec base: 0x1fffe000, Load base: 0x000008e8, Size: 0x0000014c, Max: 0xffffffff, ABSOLUTE)

    Exec Addr    Load Addr    Size         Type   Attr      Idx    E Section Name        Object

    0x1fffe000   0x000008e8   0x00000100   Data   RW            4    .ARM.__at_0x1FFFE000  start.o
    0x1fffe100   0x000009e8   0x0000004c   Data   RW           15    MyData              exercise08.o


    Execution Region ER_ZI (Exec base: 0x1fffe14c, Load base: 0x00000a34, Size: 0x00000000, Max: 0xffffffff, ABSOLUTE)

    **** No section assigned to this execution region ****


==============================================================================

Image component sizes


      Code (inc. data)   RO Data    RW Data    ZI Data      Debug   Object Name

      1084        144        348         76          0       1200   exercise08.o
       408        224          0          0          0        568   hardfault_lcd.o
       268         58         64        256          0        840   start.o

    ----------------------------------------------------------------------
      1868        534        412        332          0       2608   Object Totals
         0          0          0          0          0          0   (incl. Generated)
       108        108          0          0          0          0   (incl. Padding)

    ----------------------------------------------------------------------
         0          0          0          0          0          0   Library Totals
         0          0          0          0          0          0   (incl. Padding)

    ----------------------------------------------------------------------

==============================================================================


      Code (inc. data)   RO Data    RW Data    ZI Data      Debug   

      1868        534        412        332          0       2400   Grand Totals
      1868        534        412        332          0       2400   ELF Image Totals
      1868        534        412        332          0          0   ROM Totals

==============================================================================

    Total RO  Size (Code + RO Data)                 2280 (   2.23kB)
    Total RW  Size (RW Data + ZI Data)               332 (   0.32kB)
    Total ROM Size (Code + RO Data + RW Data)       2612 (   2.55kB)

==============================================================================

