Component: ARM Compiler 5.06 update 5 (build 528) Tool: armlink [4d35e2]

==============================================================================

Section Cross References

    exercise07.o(MyCode) refers to start.o(Start) for Startup
    exercise07.o(MyCode) refers to exercise07.o(MyConst) for Prompt
    exercise07.o(MyCode) refers to exercise07.o(MyData) for QBuffer
    exercise07.o(RESET) refers to start.o(.ARM.__at_0x1FFFE000) for __initial_sp
    exercise07.o(RESET) refers to exercise07.o(MyCode) for Reset_Handler
    exercise07.o(RESET) refers to start.o(Start) for Dummy_Handler


==============================================================================

Image Symbol Table

    Local Symbols

    Symbol Name                              Value     Ov Type        Size  Object(Section)

    RESET                                    0x00000000   Section      192  exercise07.o(RESET)
    MKL46Z4.s                                0x00000000   Number         0  mkl46z4.o ABSOLUTE
    Start.s                                  0x00000000   Number         0  start.o ABSOLUTE
    exercise07.s                             0x00000000   Number         0  exercise07.o ABSOLUTE
    .ARM.__at_0xC0                           0x000000c0   Section       64  start.o(.ARM.__at_0xC0)
    Start                                    0x00000100   Section      252  start.o(Start)
    SystemInit                               0x0000010f   Thumb Code    54  start.o(Start)
    SetClock48MHz                            0x00000145   Thumb Code   140  start.o(Start)
    MyConst                                  0x000001fc   Section      168  exercise07.o(MyConst)
    Prompt                                   0x000001fc   Data          35  exercise07.o(MyConst)
    FailText                                 0x0000021f   Data          10  exercise07.o(MyConst)
    EnqPrompt                                0x00000229   Data          23  exercise07.o(MyConst)
    SuccText                                 0x00000240   Data          10  exercise07.o(MyConst)
    HelpText                                 0x0000024a   Data          58  exercise07.o(MyConst)
    StatIn                                   0x00000284   Data           6  exercise07.o(MyConst)
    StatOut                                  0x0000028a   Data           8  exercise07.o(MyConst)
    StatNum                                  0x00000292   Data           6  exercise07.o(MyConst)
    StatText                                 0x00000298   Data           9  exercise07.o(MyConst)
    .ARM.__at_0x400                          0x00000400   Section       16  start.o(.ARM.__at_0x400)
    MyCode                                   0x00000410   Section     1068  exercise07.o(MyCode)
    InitQueue                                0x0000051f   Thumb Code    26  exercise07.o(MyCode)
    Dequeue                                  0x00000539   Thumb Code    68  exercise07.o(MyCode)
    Enqueue                                  0x0000057d   Thumb Code    64  exercise07.o(MyCode)
    PutNumHex                                0x000005bd   Thumb Code    36  exercise07.o(MyCode)
    PutNumUB                                 0x000005e1   Thumb Code    12  exercise07.o(MyCode)
    PutStringSB                              0x00000635   Thumb Code    22  exercise07.o(MyCode)
    PutNumU                                  0x0000064b   Thumb Code    88  exercise07.o(MyCode)
    DIVU                                     0x000006a3   Thumb Code    62  exercise07.o(MyCode)
    .ARM.__at_0x1FFFE000                     0x1fffe000   Section      256  start.o(.ARM.__at_0x1FFFE000)
    MyData                                   0x1fffe100   Section       24  exercise07.o(MyData)
    QBuffer                                  0x1fffe100   Data           4  exercise07.o(MyData)
    QRecord                                  0x1fffe104   Data          18  exercise07.o(MyData)

    Global Symbols

    Symbol Name                              Value     Ov Type        Size  Object(Section)

    BuildAttributes$$THM_ISAv3M$S$PE$A:L22$X:L11$S22$IEEE1$IW$USESV6$~STKCKD$USESV7$~SHL$OSPACE$EBA8$STANDARDLIB$EABIv2 0x00000000   Number         0  anon$$obj.o ABSOLUTE
    __Vectors                                0x00000000   Data           0  exercise07.o(RESET)
    __Vectors_End                            0x000000c0   Data           0  exercise07.o(RESET)
    __Vectors_Size                           0x000000c0   Number         0  exercise07.o ABSOLUTE
    Startup                                  0x00000101   Thumb Code    14  start.o(Start)
    Dummy_Handler                            0x000001d1   Thumb Code     2  start.o(Start)
    HardFault_Handler                        0x000001d1   Thumb Code     0  start.o(Start)
    Reset_Handler                            0x00000411   Thumb Code   268  exercise07.o(MyCode)
    PutChar                                  0x000007b5   Thumb Code     0  exercise07.o(MyCode)
    __initial_sp                             0x1fffe100   Data           0  start.o(.ARM.__at_0x1FFFE000)



==============================================================================

Memory Map of the image

  Image Entry point : 0x00000411

  Load Region LR_1 (Base: 0x00000000, Size: 0x00000954, Max: 0xffffffff, ABSOLUTE)

    Execution Region ER_RO (Exec base: 0x00000000, Load base: 0x00000000, Size: 0x0000083c, Max: 0xffffffff, ABSOLUTE)

    Exec Addr    Load Addr    Size         Type   Attr      Idx    E Section Name        Object

    0x00000000   0x00000000   0x000000c0   Data   RO           13    RESET               exercise07.o
    0x000000c0   0x000000c0   0x00000040   Data   RO            2    .ARM.__at_0xC0      start.o
    0x00000100   0x00000100   0x000000fc   Code   RO            1    Start               start.o
    0x000001fc   0x000001fc   0x000000a8   Data   RO           14    MyConst             exercise07.o
    0x000002a4   0x000002a4   0x0000015c   PAD
    0x00000400   0x00000400   0x00000010   Code   RO            3    .ARM.__at_0x400     start.o
    0x00000410   0x00000410   0x0000042c   Code   RO           12  * MyCode              exercise07.o


    Execution Region ER_RW (Exec base: 0x1fffe000, Load base: 0x0000083c, Size: 0x00000118, Max: 0xffffffff, ABSOLUTE)

    Exec Addr    Load Addr    Size         Type   Attr      Idx    E Section Name        Object

    0x1fffe000   0x0000083c   0x00000100   Data   RW            4    .ARM.__at_0x1FFFE000  start.o
    0x1fffe100   0x0000093c   0x00000018   Data   RW           15    MyData              exercise07.o


    Execution Region ER_ZI (Exec base: 0x1fffe118, Load base: 0x00000954, Size: 0x00000000, Max: 0xffffffff, ABSOLUTE)

    **** No section assigned to this execution region ****


==============================================================================

Image component sizes


      Code (inc. data)   RO Data    RW Data    ZI Data      Debug   Object Name

      1068        118        360         24          0       1172   exercise07.o
       268         58         64        256          0        840   start.o

    ----------------------------------------------------------------------
      1336        176        772        280          0       2012   Object Totals
         0          0          0          0          0          0   (incl. Generated)
         0          0        348          0          0          0   (incl. Padding)

    ----------------------------------------------------------------------
         0          0          0          0          0          0   Library Totals
         0          0          0          0          0          0   (incl. Padding)

    ----------------------------------------------------------------------

==============================================================================


      Code (inc. data)   RO Data    RW Data    ZI Data      Debug   

      1336        176        772        280          0       1908   Grand Totals
      1336        176        772        280          0       1908   ELF Image Totals
      1336        176        772        280          0          0   ROM Totals

==============================================================================

    Total RO  Size (Code + RO Data)                 2108 (   2.06kB)
    Total RW  Size (RW Data + ZI Data)               280 (   0.27kB)
    Total ROM Size (Code + RO Data + RW Data)       2388 (   2.33kB)

==============================================================================

