Component: ARM Compiler 5.06 update 5 (build 528) Tool: armlink [4d35e2]

==============================================================================

Section Cross References

    exercise10.o(MyCode) refers to start.o(Start) for Startup
    exercise10.o(MyCode) refers to exercise10.o(MyData) for RunStopWatch
    exercise10.o(MyCode) refers to exercise10.o(MyConst) for Prompt1
    exercise10.o(RESET) refers to start.o(.ARM.__at_0x1FFFE000) for __initial_sp
    exercise10.o(RESET) refers to exercise10.o(MyCode) for Reset_Handler
    exercise10.o(RESET) refers to start.o(Start) for Dummy_Handler


==============================================================================

Image Symbol Table

    Local Symbols

    Symbol Name                              Value     Ov Type        Size  Object(Section)

    RESET                                    0x00000000   Section      192  exercise10.o(RESET)
    MKL46Z4.s                                0x00000000   Number         0  mkl46z4.o ABSOLUTE
    Start.s                                  0x00000000   Number         0  start.o ABSOLUTE
    exercise10.s                             0x00000000   Number         0  exercise10.o ABSOLUTE
    .ARM.__at_0xC0                           0x000000c0   Section       64  start.o(.ARM.__at_0xC0)
    Start                                    0x00000100   Section      252  start.o(Start)
    SystemInit                               0x0000010f   Thumb Code    54  start.o(Start)
    SetClock48MHz                            0x00000145   Thumb Code   140  start.o(Start)
    MyConst                                  0x000001fc   Section      100  exercise10.o(MyConst)
    Prompt1                                  0x000001fc   Data          17  exercise10.o(MyConst)
    Prompt2                                  0x0000020d   Data          16  exercise10.o(MyConst)
    Prompt3                                  0x0000021d   Data          37  exercise10.o(MyConst)
    ThxPrompt                                0x00000242   Data          20  exercise10.o(MyConst)
    TimeFrmtTxt                              0x00000256   Data          10  exercise10.o(MyConst)
    .ARM.__at_0x400                          0x00000400   Section       16  start.o(.ARM.__at_0x400)
    MyCode                                   0x00000410   Section     1136  exercise10.o(MyCode)
    InitQueue                                0x000004cd   Thumb Code    22  exercise10.o(MyCode)
    Dequeue                                  0x000004e3   Thumb Code    68  exercise10.o(MyCode)
    Enqueue                                  0x00000527   Thumb Code    64  exercise10.o(MyCode)
    GetStringSB                              0x00000567   Thumb Code    72  exercise10.o(MyCode)
    PutStringSB                              0x000005af   Thumb Code    22  exercise10.o(MyCode)
    PutNumU                                  0x000005c5   Thumb Code    88  exercise10.o(MyCode)
    DIVU                                     0x0000061d   Thumb Code    62  exercise10.o(MyCode)
    Init_UART0_IRQ                           0x0000067f   Thumb Code   150  exercise10.o(MyCode)
    Init_PIT_IRQ                             0x00000715   Thumb Code    58  exercise10.o(MyCode)
    PIT_ISR                                  0x0000074f   Thumb Code    26  exercise10.o(MyCode)
    UART0_ISR                                0x00000769   Thumb Code    78  exercise10.o(MyCode)
    .ARM.__at_0x1FFFE000                     0x1fffe000   Section      256  start.o(.ARM.__at_0x1FFFE000)
    MyData                                   0x1fffe100   Section      160  exercise10.o(MyData)
    RxQueue                                  0x1fffe118   Data           4  exercise10.o(MyData)
    RxQueueRecord                            0x1fffe11c   Data          18  exercise10.o(MyData)
    TxQueue                                  0x1fffe130   Data           4  exercise10.o(MyData)
    TxQueueRecord                            0x1fffe134   Data          18  exercise10.o(MyData)
    RunStopWatch                             0x1fffe148   Data           1  exercise10.o(MyData)
    Count                                    0x1fffe14c   Data           4  exercise10.o(MyData)
    STRINGIN                                 0x1fffe150   Data          79  exercise10.o(MyData)

    Global Symbols

    Symbol Name                              Value     Ov Type        Size  Object(Section)

    BuildAttributes$$THM_ISAv3M$S$PE$A:L22$X:L11$S22$IEEE1$IW$USESV6$~STKCKD$USESV7$~SHL$OSPACE$EBA8$STANDARDLIB$EABIv2 0x00000000   Number         0  anon$$obj.o ABSOLUTE
    __Vectors                                0x00000000   Data           0  exercise10.o(RESET)
    __Vectors_End                            0x000000c0   Data           0  exercise10.o(RESET)
    __Vectors_Size                           0x000000c0   Number         0  exercise10.o ABSOLUTE
    Startup                                  0x00000101   Thumb Code    14  start.o(Start)
    Dummy_Handler                            0x000001d1   Thumb Code     2  start.o(Start)
    HardFault_Handler                        0x000001d1   Thumb Code     0  start.o(Start)
    Reset_Handler                            0x00000411   Thumb Code   138  exercise10.o(MyCode)
    PutChar                                  0x000007c7   Thumb Code     0  exercise10.o(MyCode)
    __initial_sp                             0x1fffe100   Data           0  start.o(.ARM.__at_0x1FFFE000)



==============================================================================

Memory Map of the image

  Image Entry point : 0x00000411

  Load Region LR_1 (Base: 0x00000000, Size: 0x00000a20, Max: 0xffffffff, ABSOLUTE)

    Execution Region ER_RO (Exec base: 0x00000000, Load base: 0x00000000, Size: 0x00000880, Max: 0xffffffff, ABSOLUTE)

    Exec Addr    Load Addr    Size         Type   Attr      Idx    E Section Name        Object

    0x00000000   0x00000000   0x000000c0   Data   RO           13    RESET               exercise10.o
    0x000000c0   0x000000c0   0x00000040   Data   RO            2    .ARM.__at_0xC0      start.o
    0x00000100   0x00000100   0x000000fc   Code   RO            1    Start               start.o
    0x000001fc   0x000001fc   0x00000064   Data   RO           14    MyConst             exercise10.o
    0x00000260   0x00000260   0x000001a0   PAD
    0x00000400   0x00000400   0x00000010   Code   RO            3    .ARM.__at_0x400     start.o
    0x00000410   0x00000410   0x00000470   Code   RO           12  * MyCode              exercise10.o


    Execution Region ER_RW (Exec base: 0x1fffe000, Load base: 0x00000880, Size: 0x000001a0, Max: 0xffffffff, ABSOLUTE)

    Exec Addr    Load Addr    Size         Type   Attr      Idx    E Section Name        Object

    0x1fffe000   0x00000880   0x00000100   Data   RW            4    .ARM.__at_0x1FFFE000  start.o
    0x1fffe100   0x00000980   0x000000a0   Data   RW           15    MyData              exercise10.o


    Execution Region ER_ZI (Exec base: 0x1fffe1a0, Load base: 0x00000a20, Size: 0x00000000, Max: 0xffffffff, ABSOLUTE)

    **** No section assigned to this execution region ****


==============================================================================

Image component sizes


      Code (inc. data)   RO Data    RW Data    ZI Data      Debug   Object Name

      1136        212        292        160          0       1260   exercise10.o
       268         58         64        256          0        840   start.o

    ----------------------------------------------------------------------
      1404        270        772        416          0       2100   Object Totals
         0          0          0          0          0          0   (incl. Generated)
         0          0        416          0          0          0   (incl. Padding)

    ----------------------------------------------------------------------
         0          0          0          0          0          0   Library Totals
         0          0          0          0          0          0   (incl. Padding)

    ----------------------------------------------------------------------

==============================================================================


      Code (inc. data)   RO Data    RW Data    ZI Data      Debug   

      1404        270        772        416          0       1996   Grand Totals
      1404        270        772        416          0       1996   ELF Image Totals
      1404        270        772        416          0          0   ROM Totals

==============================================================================

    Total RO  Size (Code + RO Data)                 2176 (   2.13kB)
    Total RW  Size (RW Data + ZI Data)               416 (   0.41kB)
    Total ROM Size (Code + RO Data + RW Data)       2592 (   2.53kB)

==============================================================================

