Component: ARM Compiler 5.06 update 5 (build 528) Tool: armlink [4d35e2]

==============================================================================

Section Cross References

    exercise05.o(MyCode) refers to start.o(Start) for Startup
    exercise05.o(MyCode) refers to exercise05_lib.o(Exercise05_Lib) for PutPrompt
    exercise05.o(RESET) refers to start.o(.ARM.__at_0x1FFFE000) for __initial_sp
    exercise05.o(RESET) refers to exercise05.o(MyCode) for Reset_Handler
    exercise05.o(RESET) refers to start.o(Start) for Dummy_Handler
    exercise05_lib.o(Exercise05_Lib) refers to exercise05.o(MyCode) for PutChar


==============================================================================

Removing Unused input sections from the image.

    Removing exercise05.o(MyConst), (0 bytes).
    Removing exercise05.o(MyData), (0 bytes).

2 unused section(s) (total 0 bytes) removed from the image.

==============================================================================

Image Symbol Table

    Local Symbols

    Symbol Name                              Value     Ov Type        Size  Object(Section)

    RESET                                    0x00000000   Section      192  exercise05.o(RESET)
    Exercise05_Lib.s                         0x00000000   Number         0  exercise05_lib.o ABSOLUTE
    MKL46Z4.s                                0x00000000   Number         0  mkl46z4.o ABSOLUTE
    Start.s                                  0x00000000   Number         0  start.o ABSOLUTE
    dc.s                                     0x00000000   Number         0  dc.o ABSOLUTE
    exercise05.s                             0x00000000   Number         0  exercise05.o ABSOLUTE
    .ARM.__at_0xC0                           0x000000c0   Section       64  start.o(.ARM.__at_0xC0)
    Exercise05_Lib                           0x00000100   Section      398  exercise05_lib.o(Exercise05_Lib)
    PutCRLF                                  0x000001f9   Thumb Code    10  exercise05_lib.o(Exercise05_Lib)
    PutString                                0x00000241   Thumb Code    24  exercise05_lib.o(Exercise05_Lib)
    MyCode                                   0x00000290   Section      300  exercise05.o(MyCode)
    .ARM.__at_0x400                          0x00000400   Section       16  start.o(.ARM.__at_0x400)
    Start                                    0x00000410   Section      252  start.o(Start)
    SystemInit                               0x0000041f   Thumb Code    54  start.o(Start)
    SetClock48MHz                            0x00000455   Thumb Code   140  start.o(Start)
    .ARM.__at_0x1FFFE000                     0x1fffe000   Section      256  start.o(.ARM.__at_0x1FFFE000)

    Global Symbols

    Symbol Name                              Value     Ov Type        Size  Object(Section)

    BuildAttributes$$THM_ISAv3M$S$PE$A:L22$X:L11$S22$IEEE1$IW$USESV6$~STKCKD$USESV7$~SHL$OSPACE$ROPI$EBA8$STANDARDLIB$EABIv2 0x00000000   Number         0  anon$$obj.o ABSOLUTE
    __Vectors                                0x00000000   Data           0  exercise05.o(RESET)
    __Vectors_End                            0x000000c0   Data           0  exercise05.o(RESET)
    __Vectors_Size                           0x000000c0   Number         0  exercise05.o ABSOLUTE
    Carry                                    0x00000101   Thumb Code    18  exercise05_lib.o(Exercise05_Lib)
    Negative                                 0x00000159   Thumb Code    18  exercise05_lib.o(Exercise05_Lib)
    Overflow                                 0x000001af   Thumb Code    18  exercise05_lib.o(Exercise05_Lib)
    PutPrompt                                0x00000209   Thumb Code    10  exercise05_lib.o(Exercise05_Lib)
    Zero                                     0x0000025d   Thumb Code    18  exercise05_lib.o(Exercise05_Lib)
    Reset_Handler                            0x00000291   Thumb Code   102  exercise05.o(MyCode)
    PutChar                                  0x00000375   Thumb Code     0  exercise05.o(MyCode)
    Startup                                  0x00000411   Thumb Code    14  start.o(Start)
    Dummy_Handler                            0x000004e1   Thumb Code     2  start.o(Start)
    HardFault_Handler                        0x000004e1   Thumb Code     0  start.o(Start)
    __initial_sp                             0x1fffe100   Data           0  start.o(.ARM.__at_0x1FFFE000)



==============================================================================

Memory Map of the image

  Image Entry point : 0x00000291

  Load Region LR_IROM1 (Base: 0x00000000, Size: 0x0000060c, Max: 0x00040000, ABSOLUTE)

    Execution Region ER_IROM1 (Exec base: 0x00000000, Load base: 0x00000000, Size: 0x0000050c, Max: 0x00040000, ABSOLUTE)

    Exec Addr    Load Addr    Size         Type   Attr      Idx    E Section Name        Object

    0x00000000   0x00000000   0x000000c0   Data   RO            2    RESET               exercise05.o
    0x000000c0   0x000000c0   0x00000040   Data   RO           11    .ARM.__at_0xC0      start.o
    0x00000100   0x00000100   0x0000018e   Code   RO           19    Exercise05_Lib      Exercise05_Lib.lib(exercise05_lib.o)
    0x0000028e   0x0000028e   0x00000002   PAD
    0x00000290   0x00000290   0x0000012c   Code   RO            1  * MyCode              exercise05.o
    0x000003bc   0x000003bc   0x00000044   PAD
    0x00000400   0x00000400   0x00000010   Code   RO           12    .ARM.__at_0x400     start.o
    0x00000410   0x00000410   0x000000fc   Code   RO           10    Start               start.o


    Execution Region RW_IRAM1 (Exec base: 0x1fffe000, Load base: 0x0000050c, Size: 0x00000100, Max: 0x00008000, ABSOLUTE)

    Exec Addr    Load Addr    Size         Type   Attr      Idx    E Section Name        Object

    0x1fffe000   0x0000050c   0x00000100   Data   RW           13    .ARM.__at_0x1FFFE000  start.o


==============================================================================

Image component sizes


      Code (inc. data)   RO Data    RW Data    ZI Data      Debug   Object Name

       300         54        192          0          0        448   exercise05.o
       268         58         64        256          0        744   start.o

    ----------------------------------------------------------------------
       636        180        256        256          0       1192   Object Totals
         0          0          0          0          0          0   (incl. Generated)
        68         68          0          0          0          0   (incl. Padding)

    ----------------------------------------------------------------------

      Code (inc. data)   RO Data    RW Data    ZI Data      Debug   Library Member Name

       398        282          0          0          0        216   exercise05_lib.o

    ----------------------------------------------------------------------
       400        284          0          0          0        216   Library Totals
         2          2          0          0          0          0   (incl. Padding)

    ----------------------------------------------------------------------

      Code (inc. data)   RO Data    RW Data    ZI Data      Debug   Library Name

       398        282          0          0          0        216   Exercise05_Lib.lib

    ----------------------------------------------------------------------
       400        284          0          0          0        216   Library Totals

    ----------------------------------------------------------------------

==============================================================================


      Code (inc. data)   RO Data    RW Data    ZI Data      Debug   

      1036        464        256        256          0       1304   Grand Totals
      1036        464        256        256          0       1304   ELF Image Totals
      1036        464        256        256          0          0   ROM Totals

==============================================================================

    Total RO  Size (Code + RO Data)                 1292 (   1.26kB)
    Total RW  Size (RW Data + ZI Data)               256 (   0.25kB)
    Total ROM Size (Code + RO Data + RW Data)       1548 (   1.51kB)

==============================================================================

